
> mini2@0.1.0 build
> next build --no-lint

error: unknown option '--no-lint'
